Archive member included to satisfy reference by file (symbol)

c:/program files (x86)/st/stm32cubeide_1.11.0/stm32cubeide/plugins/com.st.stm32cube.ide.mcu.externaltools.gnu-tools-for-stm32.10.3-2021.10.win32_1.0.100.202210260954/tools/bin/../lib/gcc/arm-none-eabi/10.3.1/../../../../arm-none-eabi/lib/thumb/v7e-m+dp/hard\libc_nano.a(lib_a-exit.o)
                              c:/program files (x86)/st/stm32cubeide_1.11.0/stm32cubeide/plugins/com.st.stm32cube.ide.mcu.externaltools.gnu-tools-for-stm32.10.3-2021.10.win32_1.0.100.202210260954/tools/bin/../lib/gcc/arm-none-eabi/10.3.1/../../../../arm-none-eabi/lib/thumb/v7e-m+dp/hard/crt0.o (exit)
c:/program files (x86)/st/stm32cubeide_1.11.0/stm32cubeide/plugins/com.st.stm32cube.ide.mcu.externaltools.gnu-tools-for-stm32.10.3-2021.10.win32_1.0.100.202210260954/tools/bin/../lib/gcc/arm-none-eabi/10.3.1/../../../../arm-none-eabi/lib/thumb/v7e-m+dp/hard\libc_nano.a(lib_a-impure.o)
                              c:/program files (x86)/st/stm32cubeide_1.11.0/stm32cubeide/plugins/com.st.stm32cube.ide.mcu.externaltools.gnu-tools-for-stm32.10.3-2021.10.win32_1.0.100.202210260954/tools/bin/../lib/gcc/arm-none-eabi/10.3.1/../../../../arm-none-eabi/lib/thumb/v7e-m+dp/hard\libc_nano.a(lib_a-exit.o) (_global_impure_ptr)
c:/program files (x86)/st/stm32cubeide_1.11.0/stm32cubeide/plugins/com.st.stm32cube.ide.mcu.externaltools.gnu-tools-for-stm32.10.3-2021.10.win32_1.0.100.202210260954/tools/bin/../lib/gcc/arm-none-eabi/10.3.1/../../../../arm-none-eabi/lib/thumb/v7e-m+dp/hard\libc_nano.a(lib_a-init.o)
                              c:/program files (x86)/st/stm32cubeide_1.11.0/stm32cubeide/plugins/com.st.stm32cube.ide.mcu.externaltools.gnu-tools-for-stm32.10.3-2021.10.win32_1.0.100.202210260954/tools/bin/../lib/gcc/arm-none-eabi/10.3.1/../../../../arm-none-eabi/lib/thumb/v7e-m+dp/hard/crt0.o (__libc_init_array)
c:/program files (x86)/st/stm32cubeide_1.11.0/stm32cubeide/plugins/com.st.stm32cube.ide.mcu.externaltools.gnu-tools-for-stm32.10.3-2021.10.win32_1.0.100.202210260954/tools/bin/../lib/gcc/arm-none-eabi/10.3.1/../../../../arm-none-eabi/lib/thumb/v7e-m+dp/hard\libc_nano.a(lib_a-memset.o)
                              c:/program files (x86)/st/stm32cubeide_1.11.0/stm32cubeide/plugins/com.st.stm32cube.ide.mcu.externaltools.gnu-tools-for-stm32.10.3-2021.10.win32_1.0.100.202210260954/tools/bin/../lib/gcc/arm-none-eabi/10.3.1/../../../../arm-none-eabi/lib/thumb/v7e-m+dp/hard/crt0.o (memset)
c:/program files (x86)/st/stm32cubeide_1.11.0/stm32cubeide/plugins/com.st.stm32cube.ide.mcu.externaltools.gnu-tools-for-stm32.10.3-2021.10.win32_1.0.100.202210260954/tools/bin/../lib/gcc/arm-none-eabi/10.3.1/../../../../arm-none-eabi/lib/thumb/v7e-m+dp/hard\libnosys.a(_exit.o)
                              c:/program files (x86)/st/stm32cubeide_1.11.0/stm32cubeide/plugins/com.st.stm32cube.ide.mcu.externaltools.gnu-tools-for-stm32.10.3-2021.10.win32_1.0.100.202210260954/tools/bin/../lib/gcc/arm-none-eabi/10.3.1/../../../../arm-none-eabi/lib/thumb/v7e-m+dp/hard\libc_nano.a(lib_a-exit.o) (_exit)

Discarded input sections

 .text          0x0000000000000000        0x0 c:/program files (x86)/st/stm32cubeide_1.11.0/stm32cubeide/plugins/com.st.stm32cube.ide.mcu.externaltools.gnu-tools-for-stm32.10.3-2021.10.win32_1.0.100.202210260954/tools/bin/../lib/gcc/arm-none-eabi/10.3.1/thumb/v7e-m+dp/hard/crti.o
 .bss           0x0000000000000000        0x0 c:/program files (x86)/st/stm32cubeide_1.11.0/stm32cubeide/plugins/com.st.stm32cube.ide.mcu.externaltools.gnu-tools-for-stm32.10.3-2021.10.win32_1.0.100.202210260954/tools/bin/../lib/gcc/arm-none-eabi/10.3.1/thumb/v7e-m+dp/hard/crti.o
 .rodata        0x0000000000000000       0x24 c:/program files (x86)/st/stm32cubeide_1.11.0/stm32cubeide/plugins/com.st.stm32cube.ide.mcu.externaltools.gnu-tools-for-stm32.10.3-2021.10.win32_1.0.100.202210260954/tools/bin/../lib/gcc/arm-none-eabi/10.3.1/thumb/v7e-m+dp/hard/crtbegin.o
 .text          0x0000000000000000       0x7c c:/program files (x86)/st/stm32cubeide_1.11.0/stm32cubeide/plugins/com.st.stm32cube.ide.mcu.externaltools.gnu-tools-for-stm32.10.3-2021.10.win32_1.0.100.202210260954/tools/bin/../lib/gcc/arm-none-eabi/10.3.1/../../../../arm-none-eabi/lib/thumb/v7e-m+dp/hard/crt0.o
 .bss           0x0000000000000000        0x0 c:/program files (x86)/st/stm32cubeide_1.11.0/stm32cubeide/plugins/com.st.stm32cube.ide.mcu.externaltools.gnu-tools-for-stm32.10.3-2021.10.win32_1.0.100.202210260954/tools/bin/../lib/gcc/arm-none-eabi/10.3.1/../../../../arm-none-eabi/lib/thumb/v7e-m+dp/hard/crt0.o
 .ARM.extab     0x0000000000000000        0x0 c:/program files (x86)/st/stm32cubeide_1.11.0/stm32cubeide/plugins/com.st.stm32cube.ide.mcu.externaltools.gnu-tools-for-stm32.10.3-2021.10.win32_1.0.100.202210260954/tools/bin/../lib/gcc/arm-none-eabi/10.3.1/../../../../arm-none-eabi/lib/thumb/v7e-m+dp/hard/crt0.o
 .ARM.exidx     0x0000000000000000       0x10 c:/program files (x86)/st/stm32cubeide_1.11.0/stm32cubeide/plugins/com.st.stm32cube.ide.mcu.externaltools.gnu-tools-for-stm32.10.3-2021.10.win32_1.0.100.202210260954/tools/bin/../lib/gcc/arm-none-eabi/10.3.1/../../../../arm-none-eabi/lib/thumb/v7e-m+dp/hard/crt0.o
 .text          0x0000000000000000      0x104 ./Core/Src/DMA.o
 .bss           0x0000000000000000        0x0 ./Core/Src/DMA.o
 .bss           0x0000000000000000        0x0 ./Core/Src/GPIO.o
 .bss           0x0000000000000000        0x0 ./Core/Src/Main.o
 .bss           0x0000000000000000        0x0 ./Core/Src/SysTick.o
 .text          0x0000000000000000       0xb0 ./Core/Src/USART.o
 .bss           0x0000000000000000        0x0 ./Core/Src/USART.o
 .text          0x0000000000000000       0x14 ./Core/Startup/startup_stm32h750xbhx.o
 .bss           0x0000000000000000        0x0 ./Core/Startup/startup_stm32h750xbhx.o
 .text          0x0000000000000000        0x0 c:/program files (x86)/st/stm32cubeide_1.11.0/stm32cubeide/plugins/com.st.stm32cube.ide.mcu.externaltools.gnu-tools-for-stm32.10.3-2021.10.win32_1.0.100.202210260954/tools/bin/../lib/gcc/arm-none-eabi/10.3.1/../../../../arm-none-eabi/lib/thumb/v7e-m+dp/hard\libc_nano.a(lib_a-exit.o)
 .bss           0x0000000000000000        0x0 c:/program files (x86)/st/stm32cubeide_1.11.0/stm32cubeide/plugins/com.st.stm32cube.ide.mcu.externaltools.gnu-tools-for-stm32.10.3-2021.10.win32_1.0.100.202210260954/tools/bin/../lib/gcc/arm-none-eabi/10.3.1/../../../../arm-none-eabi/lib/thumb/v7e-m+dp/hard\libc_nano.a(lib_a-exit.o)
 .text.exit     0x0000000000000000       0x28 c:/program files (x86)/st/stm32cubeide_1.11.0/stm32cubeide/plugins/com.st.stm32cube.ide.mcu.externaltools.gnu-tools-for-stm32.10.3-2021.10.win32_1.0.100.202210260954/tools/bin/../lib/gcc/arm-none-eabi/10.3.1/../../../../arm-none-eabi/lib/thumb/v7e-m+dp/hard\libc_nano.a(lib_a-exit.o)
 .text          0x0000000000000000        0x0 c:/program files (x86)/st/stm32cubeide_1.11.0/stm32cubeide/plugins/com.st.stm32cube.ide.mcu.externaltools.gnu-tools-for-stm32.10.3-2021.10.win32_1.0.100.202210260954/tools/bin/../lib/gcc/arm-none-eabi/10.3.1/../../../../arm-none-eabi/lib/thumb/v7e-m+dp/hard\libc_nano.a(lib_a-impure.o)
 .bss           0x0000000000000000        0x0 c:/program files (x86)/st/stm32cubeide_1.11.0/stm32cubeide/plugins/com.st.stm32cube.ide.mcu.externaltools.gnu-tools-for-stm32.10.3-2021.10.win32_1.0.100.202210260954/tools/bin/../lib/gcc/arm-none-eabi/10.3.1/../../../../arm-none-eabi/lib/thumb/v7e-m+dp/hard\libc_nano.a(lib_a-impure.o)
 .data._impure_ptr
                0x0000000000000000        0x4 c:/program files (x86)/st/stm32cubeide_1.11.0/stm32cubeide/plugins/com.st.stm32cube.ide.mcu.externaltools.gnu-tools-for-stm32.10.3-2021.10.win32_1.0.100.202210260954/tools/bin/../lib/gcc/arm-none-eabi/10.3.1/../../../../arm-none-eabi/lib/thumb/v7e-m+dp/hard\libc_nano.a(lib_a-impure.o)
 .data.impure_data
                0x0000000000000000       0x60 c:/program files (x86)/st/stm32cubeide_1.11.0/stm32cubeide/plugins/com.st.stm32cube.ide.mcu.externaltools.gnu-tools-for-stm32.10.3-2021.10.win32_1.0.100.202210260954/tools/bin/../lib/gcc/arm-none-eabi/10.3.1/../../../../arm-none-eabi/lib/thumb/v7e-m+dp/hard\libc_nano.a(lib_a-impure.o)
 .rodata._global_impure_ptr
                0x0000000000000000        0x4 c:/program files (x86)/st/stm32cubeide_1.11.0/stm32cubeide/plugins/com.st.stm32cube.ide.mcu.externaltools.gnu-tools-for-stm32.10.3-2021.10.win32_1.0.100.202210260954/tools/bin/../lib/gcc/arm-none-eabi/10.3.1/../../../../arm-none-eabi/lib/thumb/v7e-m+dp/hard\libc_nano.a(lib_a-impure.o)
 .text          0x0000000000000000        0x0 c:/program files (x86)/st/stm32cubeide_1.11.0/stm32cubeide/plugins/com.st.stm32cube.ide.mcu.externaltools.gnu-tools-for-stm32.10.3-2021.10.win32_1.0.100.202210260954/tools/bin/../lib/gcc/arm-none-eabi/10.3.1/../../../../arm-none-eabi/lib/thumb/v7e-m+dp/hard\libc_nano.a(lib_a-init.o)
 .bss           0x0000000000000000        0x0 c:/program files (x86)/st/stm32cubeide_1.11.0/stm32cubeide/plugins/com.st.stm32cube.ide.mcu.externaltools.gnu-tools-for-stm32.10.3-2021.10.win32_1.0.100.202210260954/tools/bin/../lib/gcc/arm-none-eabi/10.3.1/../../../../arm-none-eabi/lib/thumb/v7e-m+dp/hard\libc_nano.a(lib_a-init.o)
 .text.__libc_init_array
                0x0000000000000000       0x48 c:/program files (x86)/st/stm32cubeide_1.11.0/stm32cubeide/plugins/com.st.stm32cube.ide.mcu.externaltools.gnu-tools-for-stm32.10.3-2021.10.win32_1.0.100.202210260954/tools/bin/../lib/gcc/arm-none-eabi/10.3.1/../../../../arm-none-eabi/lib/thumb/v7e-m+dp/hard\libc_nano.a(lib_a-init.o)
 .text          0x0000000000000000        0x0 c:/program files (x86)/st/stm32cubeide_1.11.0/stm32cubeide/plugins/com.st.stm32cube.ide.mcu.externaltools.gnu-tools-for-stm32.10.3-2021.10.win32_1.0.100.202210260954/tools/bin/../lib/gcc/arm-none-eabi/10.3.1/../../../../arm-none-eabi/lib/thumb/v7e-m+dp/hard\libc_nano.a(lib_a-memset.o)
 .bss           0x0000000000000000        0x0 c:/program files (x86)/st/stm32cubeide_1.11.0/stm32cubeide/plugins/com.st.stm32cube.ide.mcu.externaltools.gnu-tools-for-stm32.10.3-2021.10.win32_1.0.100.202210260954/tools/bin/../lib/gcc/arm-none-eabi/10.3.1/../../../../arm-none-eabi/lib/thumb/v7e-m+dp/hard\libc_nano.a(lib_a-memset.o)
 .text.memset   0x0000000000000000       0x10 c:/program files (x86)/st/stm32cubeide_1.11.0/stm32cubeide/plugins/com.st.stm32cube.ide.mcu.externaltools.gnu-tools-for-stm32.10.3-2021.10.win32_1.0.100.202210260954/tools/bin/../lib/gcc/arm-none-eabi/10.3.1/../../../../arm-none-eabi/lib/thumb/v7e-m+dp/hard\libc_nano.a(lib_a-memset.o)
 .text          0x0000000000000000        0x0 c:/program files (x86)/st/stm32cubeide_1.11.0/stm32cubeide/plugins/com.st.stm32cube.ide.mcu.externaltools.gnu-tools-for-stm32.10.3-2021.10.win32_1.0.100.202210260954/tools/bin/../lib/gcc/arm-none-eabi/10.3.1/../../../../arm-none-eabi/lib/thumb/v7e-m+dp/hard\libnosys.a(_exit.o)
 .bss           0x0000000000000000        0x0 c:/program files (x86)/st/stm32cubeide_1.11.0/stm32cubeide/plugins/com.st.stm32cube.ide.mcu.externaltools.gnu-tools-for-stm32.10.3-2021.10.win32_1.0.100.202210260954/tools/bin/../lib/gcc/arm-none-eabi/10.3.1/../../../../arm-none-eabi/lib/thumb/v7e-m+dp/hard\libnosys.a(_exit.o)
 .text._exit    0x0000000000000000        0x2 c:/program files (x86)/st/stm32cubeide_1.11.0/stm32cubeide/plugins/com.st.stm32cube.ide.mcu.externaltools.gnu-tools-for-stm32.10.3-2021.10.win32_1.0.100.202210260954/tools/bin/../lib/gcc/arm-none-eabi/10.3.1/../../../../arm-none-eabi/lib/thumb/v7e-m+dp/hard\libnosys.a(_exit.o)
 .text          0x0000000000000000        0x0 c:/program files (x86)/st/stm32cubeide_1.11.0/stm32cubeide/plugins/com.st.stm32cube.ide.mcu.externaltools.gnu-tools-for-stm32.10.3-2021.10.win32_1.0.100.202210260954/tools/bin/../lib/gcc/arm-none-eabi/10.3.1/thumb/v7e-m+dp/hard/crtend.o
 .bss           0x0000000000000000        0x0 c:/program files (x86)/st/stm32cubeide_1.11.0/stm32cubeide/plugins/com.st.stm32cube.ide.mcu.externaltools.gnu-tools-for-stm32.10.3-2021.10.win32_1.0.100.202210260954/tools/bin/../lib/gcc/arm-none-eabi/10.3.1/thumb/v7e-m+dp/hard/crtend.o
 .rodata        0x0000000000000000       0x24 c:/program files (x86)/st/stm32cubeide_1.11.0/stm32cubeide/plugins/com.st.stm32cube.ide.mcu.externaltools.gnu-tools-for-stm32.10.3-2021.10.win32_1.0.100.202210260954/tools/bin/../lib/gcc/arm-none-eabi/10.3.1/thumb/v7e-m+dp/hard/crtend.o
 .eh_frame      0x0000000000000000        0x4 c:/program files (x86)/st/stm32cubeide_1.11.0/stm32cubeide/plugins/com.st.stm32cube.ide.mcu.externaltools.gnu-tools-for-stm32.10.3-2021.10.win32_1.0.100.202210260954/tools/bin/../lib/gcc/arm-none-eabi/10.3.1/thumb/v7e-m+dp/hard/crtend.o
 .text          0x0000000000000000        0x0 c:/program files (x86)/st/stm32cubeide_1.11.0/stm32cubeide/plugins/com.st.stm32cube.ide.mcu.externaltools.gnu-tools-for-stm32.10.3-2021.10.win32_1.0.100.202210260954/tools/bin/../lib/gcc/arm-none-eabi/10.3.1/thumb/v7e-m+dp/hard/crtn.o
 .bss           0x0000000000000000        0x0 c:/program files (x86)/st/stm32cubeide_1.11.0/stm32cubeide/plugins/com.st.stm32cube.ide.mcu.externaltools.gnu-tools-for-stm32.10.3-2021.10.win32_1.0.100.202210260954/tools/bin/../lib/gcc/arm-none-eabi/10.3.1/thumb/v7e-m+dp/hard/crtn.o

Memory Configuration

Name             Origin             Length             Attributes
FLASH            0x0000000008000000 0x0000000000020000 xr
DTCMRAM          0x0000000020000000 0x0000000000020000 xrw
RAM_D1           0x0000000024000000 0x0000000000080000 xrw
RAM_D2           0x0000000030000000 0x0000000000048000 xrw
RAM_D3           0x0000000038000000 0x0000000000010000 xrw
ITCMRAM          0x0000000000000000 0x0000000000010000 xrw
*default*        0x0000000000000000 0xffffffffffffffff

Linker script and memory map

LOAD c:/program files (x86)/st/stm32cubeide_1.11.0/stm32cubeide/plugins/com.st.stm32cube.ide.mcu.externaltools.gnu-tools-for-stm32.10.3-2021.10.win32_1.0.100.202210260954/tools/bin/../lib/gcc/arm-none-eabi/10.3.1/thumb/v7e-m+dp/hard/crti.o
LOAD c:/program files (x86)/st/stm32cubeide_1.11.0/stm32cubeide/plugins/com.st.stm32cube.ide.mcu.externaltools.gnu-tools-for-stm32.10.3-2021.10.win32_1.0.100.202210260954/tools/bin/../lib/gcc/arm-none-eabi/10.3.1/thumb/v7e-m+dp/hard/crtbegin.o
LOAD c:/program files (x86)/st/stm32cubeide_1.11.0/stm32cubeide/plugins/com.st.stm32cube.ide.mcu.externaltools.gnu-tools-for-stm32.10.3-2021.10.win32_1.0.100.202210260954/tools/bin/../lib/gcc/arm-none-eabi/10.3.1/../../../../arm-none-eabi/lib/thumb/v7e-m+dp/hard/crt0.o
LOAD ./Core/Src/DMA.o
LOAD ./Core/Src/GPIO.o
LOAD ./Core/Src/Main.o
LOAD ./Core/Src/SysTick.o
LOAD ./Core/Src/USART.o
LOAD ./Core/Startup/startup_stm32h750xbhx.o
START GROUP
LOAD c:/program files (x86)/st/stm32cubeide_1.11.0/stm32cubeide/plugins/com.st.stm32cube.ide.mcu.externaltools.gnu-tools-for-stm32.10.3-2021.10.win32_1.0.100.202210260954/tools/bin/../lib/gcc/arm-none-eabi/10.3.1/thumb/v7e-m+dp/hard\libgcc.a
LOAD c:/program files (x86)/st/stm32cubeide_1.11.0/stm32cubeide/plugins/com.st.stm32cube.ide.mcu.externaltools.gnu-tools-for-stm32.10.3-2021.10.win32_1.0.100.202210260954/tools/bin/../lib/gcc/arm-none-eabi/10.3.1/../../../../arm-none-eabi/lib/thumb/v7e-m+dp/hard\libc_nano.a
END GROUP
START GROUP
LOAD c:/program files (x86)/st/stm32cubeide_1.11.0/stm32cubeide/plugins/com.st.stm32cube.ide.mcu.externaltools.gnu-tools-for-stm32.10.3-2021.10.win32_1.0.100.202210260954/tools/bin/../lib/gcc/arm-none-eabi/10.3.1/thumb/v7e-m+dp/hard\libgcc.a
LOAD c:/program files (x86)/st/stm32cubeide_1.11.0/stm32cubeide/plugins/com.st.stm32cube.ide.mcu.externaltools.gnu-tools-for-stm32.10.3-2021.10.win32_1.0.100.202210260954/tools/bin/../lib/gcc/arm-none-eabi/10.3.1/../../../../arm-none-eabi/lib/thumb/v7e-m+dp/hard\libc_nano.a
LOAD c:/program files (x86)/st/stm32cubeide_1.11.0/stm32cubeide/plugins/com.st.stm32cube.ide.mcu.externaltools.gnu-tools-for-stm32.10.3-2021.10.win32_1.0.100.202210260954/tools/bin/../lib/gcc/arm-none-eabi/10.3.1/../../../../arm-none-eabi/lib/thumb/v7e-m+dp/hard\libnosys.a
END GROUP
START GROUP
LOAD c:/program files (x86)/st/stm32cubeide_1.11.0/stm32cubeide/plugins/com.st.stm32cube.ide.mcu.externaltools.gnu-tools-for-stm32.10.3-2021.10.win32_1.0.100.202210260954/tools/bin/../lib/gcc/arm-none-eabi/10.3.1/thumb/v7e-m+dp/hard\libgcc.a
LOAD c:/program files (x86)/st/stm32cubeide_1.11.0/stm32cubeide/plugins/com.st.stm32cube.ide.mcu.externaltools.gnu-tools-for-stm32.10.3-2021.10.win32_1.0.100.202210260954/tools/bin/../lib/gcc/arm-none-eabi/10.3.1/../../../../arm-none-eabi/lib/thumb/v7e-m+dp/hard\libc_nano.a
LOAD c:/program files (x86)/st/stm32cubeide_1.11.0/stm32cubeide/plugins/com.st.stm32cube.ide.mcu.externaltools.gnu-tools-for-stm32.10.3-2021.10.win32_1.0.100.202210260954/tools/bin/../lib/gcc/arm-none-eabi/10.3.1/../../../../arm-none-eabi/lib/thumb/v7e-m+dp/hard\libnosys.a
END GROUP
LOAD c:/program files (x86)/st/stm32cubeide_1.11.0/stm32cubeide/plugins/com.st.stm32cube.ide.mcu.externaltools.gnu-tools-for-stm32.10.3-2021.10.win32_1.0.100.202210260954/tools/bin/../lib/gcc/arm-none-eabi/10.3.1/thumb/v7e-m+dp/hard/crtend.o
LOAD c:/program files (x86)/st/stm32cubeide_1.11.0/stm32cubeide/plugins/com.st.stm32cube.ide.mcu.externaltools.gnu-tools-for-stm32.10.3-2021.10.win32_1.0.100.202210260954/tools/bin/../lib/gcc/arm-none-eabi/10.3.1/thumb/v7e-m+dp/hard/crtn.o
                0x0000000024080000                _estack = (ORIGIN (RAM_D1) + LENGTH (RAM_D1))
                0x0000000000000200                _Min_Heap_Size = 0x200
                0x0000000000000400                _Min_Stack_Size = 0x400

.isr_vector     0x0000000008000000      0x298
                0x0000000008000000                . = ALIGN (0x4)
 *(.isr_vector)
 .isr_vector    0x0000000008000000      0x298 ./Core/Startup/startup_stm32h750xbhx.o
                0x0000000008000000                g_pfnVectors
                0x0000000008000298                . = ALIGN (0x4)

.text           0x0000000008000298      0x22c
                0x0000000008000298                . = ALIGN (0x4)
 *(.text)
 .text          0x0000000008000298       0x40 c:/program files (x86)/st/stm32cubeide_1.11.0/stm32cubeide/plugins/com.st.stm32cube.ide.mcu.externaltools.gnu-tools-for-stm32.10.3-2021.10.win32_1.0.100.202210260954/tools/bin/../lib/gcc/arm-none-eabi/10.3.1/thumb/v7e-m+dp/hard/crtbegin.o
 .text          0x00000000080002d8       0xb4 ./Core/Src/GPIO.o
                0x00000000080002d8                init_green_led
                0x00000000080002f4                init_red_led
                0x0000000008000310                init_button
                0x000000000800033c                green_led_on
                0x0000000008000348                green_led_off
                0x0000000008000354                red_led_on
                0x0000000008000360                red_led_off
                0x000000000800036c                wait_button
 .text          0x000000000800038c       0x10 ./Core/Src/Main.o
                0x000000000800038c                main
 .text          0x000000000800039c       0x54 ./Core/Src/SysTick.o
                0x000000000800039c                init_tc0_ms
                0x00000000080003a8                init_tc0
                0x00000000080003c2                init_tc0_psp
                0x00000000080003dc                delay_tc
 *(.text*)
 .text.SysTick_Handler
                0x00000000080003f0       0x48 ./Core/Src/Main.o
                0x00000000080003f0                SysTick_Handler
 .text.Reset_Handler
                0x0000000008000438       0x70 ./Core/Startup/startup_stm32h750xbhx.o
                0x0000000008000438                Reset_Handler
 .text.Default_Handler
                0x00000000080004a8        0x2 ./Core/Startup/startup_stm32h750xbhx.o
                0x00000000080004a8                RTC_Alarm_IRQHandler
                0x00000000080004a8                HASH_RNG_IRQHandler
                0x00000000080004a8                EXTI2_IRQHandler
                0x00000000080004a8                TIM8_CC_IRQHandler
                0x00000000080004a8                HRTIM1_Master_IRQHandler
                0x00000000080004a8                DebugMon_Handler
                0x00000000080004a8                UART8_IRQHandler
                0x00000000080004a8                SPI4_IRQHandler
                0x00000000080004a8                TIM1_CC_IRQHandler
                0x00000000080004a8                BDMA_Channel6_IRQHandler
                0x00000000080004a8                DMA2_Stream5_IRQHandler
                0x00000000080004a8                HardFault_Handler
                0x00000000080004a8                HRTIM1_FLT_IRQHandler
                0x00000000080004a8                JPEG_IRQHandler
                0x00000000080004a8                DMA1_Stream5_IRQHandler
                0x00000000080004a8                BDMA_Channel1_IRQHandler
                0x00000000080004a8                HRTIM1_TIMD_IRQHandler
                0x00000000080004a8                TAMP_STAMP_IRQHandler
                0x00000000080004a8                PendSV_Handler
                0x00000000080004a8                NMI_Handler
                0x00000000080004a8                EXTI3_IRQHandler
                0x00000000080004a8                LPTIM4_IRQHandler
                0x00000000080004a8                TIM8_TRG_COM_TIM14_IRQHandler
                0x00000000080004a8                LPTIM2_IRQHandler
                0x00000000080004a8                DFSDM1_FLT1_IRQHandler
                0x00000000080004a8                DMAMUX2_OVR_IRQHandler
                0x00000000080004a8                TIM8_UP_TIM13_IRQHandler
                0x00000000080004a8                I2C3_ER_IRQHandler
                0x00000000080004a8                DFSDM1_FLT2_IRQHandler
                0x00000000080004a8                MDMA_IRQHandler
                0x00000000080004a8                LPTIM3_IRQHandler
                0x00000000080004a8                HSEM1_IRQHandler
                0x00000000080004a8                EXTI0_IRQHandler
                0x00000000080004a8                I2C2_EV_IRQHandler
                0x00000000080004a8                DMA1_Stream2_IRQHandler
                0x00000000080004a8                FPU_IRQHandler
                0x00000000080004a8                OTG_HS_WKUP_IRQHandler
                0x00000000080004a8                FDCAN1_IT1_IRQHandler
                0x00000000080004a8                UsageFault_Handler
                0x00000000080004a8                LTDC_ER_IRQHandler
                0x00000000080004a8                DMA2_Stream2_IRQHandler
                0x00000000080004a8                HRTIM1_TIME_IRQHandler
                0x00000000080004a8                SPI1_IRQHandler
                0x00000000080004a8                TIM6_DAC_IRQHandler
                0x00000000080004a8                DCMI_IRQHandler
                0x00000000080004a8                HRTIM1_TIMC_IRQHandler
                0x00000000080004a8                DMA2_Stream3_IRQHandler
                0x00000000080004a8                SAI2_IRQHandler
                0x00000000080004a8                DFSDM1_FLT3_IRQHandler
                0x00000000080004a8                USART6_IRQHandler
                0x00000000080004a8                TIM17_IRQHandler
                0x00000000080004a8                USART3_IRQHandler
                0x00000000080004a8                BDMA_Channel7_IRQHandler
                0x00000000080004a8                CRYP_IRQHandler
                0x00000000080004a8                LPTIM5_IRQHandler
                0x00000000080004a8                UART5_IRQHandler
                0x00000000080004a8                ADC3_IRQHandler
                0x00000000080004a8                DMA2_Stream0_IRQHandler
                0x00000000080004a8                TIM4_IRQHandler
                0x00000000080004a8                BDMA_Channel2_IRQHandler
                0x00000000080004a8                QUADSPI_IRQHandler
                0x00000000080004a8                I2C1_EV_IRQHandler
                0x00000000080004a8                DMA1_Stream6_IRQHandler
                0x00000000080004a8                DMAMUX1_OVR_IRQHandler
                0x00000000080004a8                DMA1_Stream1_IRQHandler
                0x00000000080004a8                TIM16_IRQHandler
                0x00000000080004a8                UART4_IRQHandler
                0x00000000080004a8                BDMA_Channel5_IRQHandler
                0x00000000080004a8                TIM3_IRQHandler
                0x00000000080004a8                RCC_IRQHandler
                0x00000000080004a8                TIM8_BRK_TIM12_IRQHandler
                0x00000000080004a8                TIM1_TRG_COM_IRQHandler
                0x00000000080004a8                Default_Handler
                0x00000000080004a8                ECC_IRQHandler
                0x00000000080004a8                CEC_IRQHandler
                0x00000000080004a8                EXTI15_10_IRQHandler
                0x00000000080004a8                BDMA_Channel0_IRQHandler
                0x00000000080004a8                ADC_IRQHandler
                0x00000000080004a8                DMA1_Stream7_IRQHandler
                0x00000000080004a8                HRTIM1_TIMA_IRQHandler
                0x00000000080004a8                SPI5_IRQHandler
                0x00000000080004a8                TIM7_IRQHandler
                0x00000000080004a8                SDMMC1_IRQHandler
                0x00000000080004a8                TIM5_IRQHandler
                0x00000000080004a8                DMA2_Stream7_IRQHandler
                0x00000000080004a8                TIM15_IRQHandler
                0x00000000080004a8                PVD_AVD_IRQHandler
                0x00000000080004a8                I2C3_EV_IRQHandler
                0x00000000080004a8                EXTI9_5_IRQHandler
                0x00000000080004a8                RTC_WKUP_IRQHandler
                0x00000000080004a8                LTDC_IRQHandler
                0x00000000080004a8                SAI3_IRQHandler
                0x00000000080004a8                ETH_WKUP_IRQHandler
                0x00000000080004a8                SPDIF_RX_IRQHandler
                0x00000000080004a8                SPI2_IRQHandler
                0x00000000080004a8                OTG_HS_EP1_IN_IRQHandler
                0x00000000080004a8                MemManage_Handler
                0x00000000080004a8                DMA1_Stream0_IRQHandler
                0x00000000080004a8                SVC_Handler
                0x00000000080004a8                CRS_IRQHandler
                0x00000000080004a8                EXTI4_IRQHandler
                0x00000000080004a8                HRTIM1_TIMB_IRQHandler
                0x00000000080004a8                FDCAN2_IT1_IRQHandler
                0x00000000080004a8                ETH_IRQHandler
                0x00000000080004a8                TIM1_UP_IRQHandler
                0x00000000080004a8                BDMA_Channel4_IRQHandler
                0x00000000080004a8                OTG_HS_EP1_OUT_IRQHandler
                0x00000000080004a8                WWDG_IRQHandler
                0x00000000080004a8                SPI6_IRQHandler
                0x00000000080004a8                MDIOS_IRQHandler
                0x00000000080004a8                I2C4_EV_IRQHandler
                0x00000000080004a8                FDCAN2_IT0_IRQHandler
                0x00000000080004a8                LPUART1_IRQHandler
                0x00000000080004a8                FDCAN1_IT0_IRQHandler
                0x00000000080004a8                TIM2_IRQHandler
                0x00000000080004a8                OTG_FS_WKUP_IRQHandler
                0x00000000080004a8                OTG_HS_IRQHandler
                0x00000000080004a8                DMA2D_IRQHandler
                0x00000000080004a8                TIM1_BRK_IRQHandler
                0x00000000080004a8                EXTI1_IRQHandler
                0x00000000080004a8                SDMMC2_IRQHandler
                0x00000000080004a8                OTG_FS_EP1_OUT_IRQHandler
                0x00000000080004a8                BDMA_Channel3_IRQHandler
                0x00000000080004a8                UART7_IRQHandler
                0x00000000080004a8                MDIOS_WKUP_IRQHandler
                0x00000000080004a8                USART2_IRQHandler
                0x00000000080004a8                DFSDM1_FLT0_IRQHandler
                0x00000000080004a8                SAI4_IRQHandler
                0x00000000080004a8                I2C2_ER_IRQHandler
                0x00000000080004a8                DMA2_Stream1_IRQHandler
                0x00000000080004a8                FLASH_IRQHandler
                0x00000000080004a8                DMA2_Stream4_IRQHandler
                0x00000000080004a8                BusFault_Handler
                0x00000000080004a8                USART1_IRQHandler
                0x00000000080004a8                OTG_FS_IRQHandler
                0x00000000080004a8                SPI3_IRQHandler
                0x00000000080004a8                WAKEUP_PIN_IRQHandler
                0x00000000080004a8                DMA1_Stream4_IRQHandler
                0x00000000080004a8                OTG_FS_EP1_IN_IRQHandler
                0x00000000080004a8                I2C1_ER_IRQHandler
                0x00000000080004a8                FMC_IRQHandler
                0x00000000080004a8                FDCAN_CAL_IRQHandler
                0x00000000080004a8                SWPMI1_IRQHandler
                0x00000000080004a8                COMP1_IRQHandler
                0x00000000080004a8                LPTIM1_IRQHandler
                0x00000000080004a8                I2C4_ER_IRQHandler
                0x00000000080004a8                DMA2_Stream6_IRQHandler
                0x00000000080004a8                SAI1_IRQHandler
                0x00000000080004a8                DMA1_Stream3_IRQHandler
 *(.glue_7)
 .glue_7        0x00000000080004aa        0x0 linker stubs
 *(.glue_7t)
 .glue_7t       0x00000000080004aa        0x0 linker stubs
 *(.eh_frame)
 *fill*         0x00000000080004aa        0x2 
 .eh_frame      0x00000000080004ac        0x0 c:/program files (x86)/st/stm32cubeide_1.11.0/stm32cubeide/plugins/com.st.stm32cube.ide.mcu.externaltools.gnu-tools-for-stm32.10.3-2021.10.win32_1.0.100.202210260954/tools/bin/../lib/gcc/arm-none-eabi/10.3.1/thumb/v7e-m+dp/hard/crtbegin.o
 *(.init)
 .init          0x00000000080004ac        0x4 c:/program files (x86)/st/stm32cubeide_1.11.0/stm32cubeide/plugins/com.st.stm32cube.ide.mcu.externaltools.gnu-tools-for-stm32.10.3-2021.10.win32_1.0.100.202210260954/tools/bin/../lib/gcc/arm-none-eabi/10.3.1/thumb/v7e-m+dp/hard/crti.o
                0x00000000080004ac                _init
 .init          0x00000000080004b0        0x8 c:/program files (x86)/st/stm32cubeide_1.11.0/stm32cubeide/plugins/com.st.stm32cube.ide.mcu.externaltools.gnu-tools-for-stm32.10.3-2021.10.win32_1.0.100.202210260954/tools/bin/../lib/gcc/arm-none-eabi/10.3.1/thumb/v7e-m+dp/hard/crtn.o
 *(.fini)
 .fini          0x00000000080004b8        0x4 c:/program files (x86)/st/stm32cubeide_1.11.0/stm32cubeide/plugins/com.st.stm32cube.ide.mcu.externaltools.gnu-tools-for-stm32.10.3-2021.10.win32_1.0.100.202210260954/tools/bin/../lib/gcc/arm-none-eabi/10.3.1/thumb/v7e-m+dp/hard/crti.o
                0x00000000080004b8                _fini
 .fini          0x00000000080004bc        0x8 c:/program files (x86)/st/stm32cubeide_1.11.0/stm32cubeide/plugins/com.st.stm32cube.ide.mcu.externaltools.gnu-tools-for-stm32.10.3-2021.10.win32_1.0.100.202210260954/tools/bin/../lib/gcc/arm-none-eabi/10.3.1/thumb/v7e-m+dp/hard/crtn.o
                0x00000000080004c4                . = ALIGN (0x4)
                0x00000000080004c4                _etext = .

.vfp11_veneer   0x00000000080004c4        0x0
 .vfp11_veneer  0x00000000080004c4        0x0 linker stubs

.v4_bx          0x00000000080004c4        0x0
 .v4_bx         0x00000000080004c4        0x0 linker stubs

.iplt           0x00000000080004c4        0x0
 .iplt          0x00000000080004c4        0x0 c:/program files (x86)/st/stm32cubeide_1.11.0/stm32cubeide/plugins/com.st.stm32cube.ide.mcu.externaltools.gnu-tools-for-stm32.10.3-2021.10.win32_1.0.100.202210260954/tools/bin/../lib/gcc/arm-none-eabi/10.3.1/thumb/v7e-m+dp/hard/crtbegin.o

.rel.dyn        0x00000000080004c4        0x0
 .rel.iplt      0x00000000080004c4        0x0 c:/program files (x86)/st/stm32cubeide_1.11.0/stm32cubeide/plugins/com.st.stm32cube.ide.mcu.externaltools.gnu-tools-for-stm32.10.3-2021.10.win32_1.0.100.202210260954/tools/bin/../lib/gcc/arm-none-eabi/10.3.1/thumb/v7e-m+dp/hard/crtbegin.o

.rodata         0x00000000080004c4        0x0
                0x00000000080004c4                . = ALIGN (0x4)
 *(.rodata)
 *(.rodata*)
                0x00000000080004c4                . = ALIGN (0x4)

.ARM.extab
 *(.ARM.extab* .gnu.linkonce.armextab.*)

.ARM            0x00000000080004c4        0x0
                0x00000000080004c4                __exidx_start = .
 *(.ARM.exidx*)
                0x00000000080004c4                __exidx_end = .

.preinit_array  0x00000000080004c4        0x0
                0x00000000080004c4                PROVIDE (__preinit_array_start = .)
 *(.preinit_array*)
                0x00000000080004c4                PROVIDE (__preinit_array_end = .)

.init_array     0x00000000080004c4        0x4
                0x00000000080004c4                PROVIDE (__init_array_start = .)
 *(SORT_BY_NAME(.init_array.*))
 *(.init_array*)
 .init_array    0x00000000080004c4        0x4 c:/program files (x86)/st/stm32cubeide_1.11.0/stm32cubeide/plugins/com.st.stm32cube.ide.mcu.externaltools.gnu-tools-for-stm32.10.3-2021.10.win32_1.0.100.202210260954/tools/bin/../lib/gcc/arm-none-eabi/10.3.1/thumb/v7e-m+dp/hard/crtbegin.o
                0x00000000080004c8                PROVIDE (__init_array_end = .)

.fini_array     0x00000000080004c8        0x4
                [!provide]                        PROVIDE (__fini_array_start = .)
 *(SORT_BY_NAME(.fini_array.*))
 *(.fini_array*)
 .fini_array    0x00000000080004c8        0x4 c:/program files (x86)/st/stm32cubeide_1.11.0/stm32cubeide/plugins/com.st.stm32cube.ide.mcu.externaltools.gnu-tools-for-stm32.10.3-2021.10.win32_1.0.100.202210260954/tools/bin/../lib/gcc/arm-none-eabi/10.3.1/thumb/v7e-m+dp/hard/crtbegin.o
                [!provide]                        PROVIDE (__fini_array_end = .)
                0x00000000080004cc                _sidata = LOADADDR (.data)

.data           0x0000000024000000       0x10 load address 0x00000000080004cc
                0x0000000024000000                . = ALIGN (0x4)
                0x0000000024000000                _sdata = .
 *(.data)
 .data          0x0000000024000000        0x0 c:/program files (x86)/st/stm32cubeide_1.11.0/stm32cubeide/plugins/com.st.stm32cube.ide.mcu.externaltools.gnu-tools-for-stm32.10.3-2021.10.win32_1.0.100.202210260954/tools/bin/../lib/gcc/arm-none-eabi/10.3.1/thumb/v7e-m+dp/hard/crti.o
 .data          0x0000000024000000        0x4 c:/program files (x86)/st/stm32cubeide_1.11.0/stm32cubeide/plugins/com.st.stm32cube.ide.mcu.externaltools.gnu-tools-for-stm32.10.3-2021.10.win32_1.0.100.202210260954/tools/bin/../lib/gcc/arm-none-eabi/10.3.1/thumb/v7e-m+dp/hard/crtbegin.o
                0x0000000024000000                __dso_handle
 .data          0x0000000024000004        0x0 c:/program files (x86)/st/stm32cubeide_1.11.0/stm32cubeide/plugins/com.st.stm32cube.ide.mcu.externaltools.gnu-tools-for-stm32.10.3-2021.10.win32_1.0.100.202210260954/tools/bin/../lib/gcc/arm-none-eabi/10.3.1/../../../../arm-none-eabi/lib/thumb/v7e-m+dp/hard/crt0.o
 .data          0x0000000024000004        0x0 ./Core/Src/DMA.o
 .data          0x0000000024000004        0x0 ./Core/Src/GPIO.o
 .data          0x0000000024000004        0xc ./Core/Src/Main.o
 .data          0x0000000024000010        0x0 ./Core/Src/SysTick.o
 .data          0x0000000024000010        0x0 ./Core/Src/USART.o
 .data          0x0000000024000010        0x0 ./Core/Startup/startup_stm32h750xbhx.o
 .data          0x0000000024000010        0x0 c:/program files (x86)/st/stm32cubeide_1.11.0/stm32cubeide/plugins/com.st.stm32cube.ide.mcu.externaltools.gnu-tools-for-stm32.10.3-2021.10.win32_1.0.100.202210260954/tools/bin/../lib/gcc/arm-none-eabi/10.3.1/../../../../arm-none-eabi/lib/thumb/v7e-m+dp/hard\libc_nano.a(lib_a-exit.o)
 .data          0x0000000024000010        0x0 c:/program files (x86)/st/stm32cubeide_1.11.0/stm32cubeide/plugins/com.st.stm32cube.ide.mcu.externaltools.gnu-tools-for-stm32.10.3-2021.10.win32_1.0.100.202210260954/tools/bin/../lib/gcc/arm-none-eabi/10.3.1/../../../../arm-none-eabi/lib/thumb/v7e-m+dp/hard\libc_nano.a(lib_a-impure.o)
 .data          0x0000000024000010        0x0 c:/program files (x86)/st/stm32cubeide_1.11.0/stm32cubeide/plugins/com.st.stm32cube.ide.mcu.externaltools.gnu-tools-for-stm32.10.3-2021.10.win32_1.0.100.202210260954/tools/bin/../lib/gcc/arm-none-eabi/10.3.1/../../../../arm-none-eabi/lib/thumb/v7e-m+dp/hard\libc_nano.a(lib_a-init.o)
 .data          0x0000000024000010        0x0 c:/program files (x86)/st/stm32cubeide_1.11.0/stm32cubeide/plugins/com.st.stm32cube.ide.mcu.externaltools.gnu-tools-for-stm32.10.3-2021.10.win32_1.0.100.202210260954/tools/bin/../lib/gcc/arm-none-eabi/10.3.1/../../../../arm-none-eabi/lib/thumb/v7e-m+dp/hard\libc_nano.a(lib_a-memset.o)
 .data          0x0000000024000010        0x0 c:/program files (x86)/st/stm32cubeide_1.11.0/stm32cubeide/plugins/com.st.stm32cube.ide.mcu.externaltools.gnu-tools-for-stm32.10.3-2021.10.win32_1.0.100.202210260954/tools/bin/../lib/gcc/arm-none-eabi/10.3.1/../../../../arm-none-eabi/lib/thumb/v7e-m+dp/hard\libnosys.a(_exit.o)
 .data          0x0000000024000010        0x0 c:/program files (x86)/st/stm32cubeide_1.11.0/stm32cubeide/plugins/com.st.stm32cube.ide.mcu.externaltools.gnu-tools-for-stm32.10.3-2021.10.win32_1.0.100.202210260954/tools/bin/../lib/gcc/arm-none-eabi/10.3.1/thumb/v7e-m+dp/hard/crtend.o
 .data          0x0000000024000010        0x0 c:/program files (x86)/st/stm32cubeide_1.11.0/stm32cubeide/plugins/com.st.stm32cube.ide.mcu.externaltools.gnu-tools-for-stm32.10.3-2021.10.win32_1.0.100.202210260954/tools/bin/../lib/gcc/arm-none-eabi/10.3.1/thumb/v7e-m+dp/hard/crtn.o
 *(.data*)
 *(.RamFunc)
 *(.RamFunc*)
                0x0000000024000010                . = ALIGN (0x4)
                0x0000000024000010                _edata = .

.igot.plt       0x0000000024000010        0x0 load address 0x00000000080004dc
 .igot.plt      0x0000000024000010        0x0 c:/program files (x86)/st/stm32cubeide_1.11.0/stm32cubeide/plugins/com.st.stm32cube.ide.mcu.externaltools.gnu-tools-for-stm32.10.3-2021.10.win32_1.0.100.202210260954/tools/bin/../lib/gcc/arm-none-eabi/10.3.1/thumb/v7e-m+dp/hard/crtbegin.o
                0x0000000024000010                . = ALIGN (0x4)

.bss            0x0000000024000010       0x1c load address 0x00000000080004dc
                0x0000000024000010                _sbss = .
                0x0000000024000010                __bss_start__ = _sbss
 *(.bss)
 .bss           0x0000000024000010       0x1c c:/program files (x86)/st/stm32cubeide_1.11.0/stm32cubeide/plugins/com.st.stm32cube.ide.mcu.externaltools.gnu-tools-for-stm32.10.3-2021.10.win32_1.0.100.202210260954/tools/bin/../lib/gcc/arm-none-eabi/10.3.1/thumb/v7e-m+dp/hard/crtbegin.o
 *(.bss*)
 *(COMMON)
                0x000000002400002c                . = ALIGN (0x4)
                0x000000002400002c                _ebss = .
                0x000000002400002c                __bss_end__ = _ebss

._user_heap_stack
                0x000000002400002c      0x604 load address 0x00000000080004dc
                0x0000000024000030                . = ALIGN (0x8)
 *fill*         0x000000002400002c        0x4 
                [!provide]                        PROVIDE (end = .)
                [!provide]                        PROVIDE (_end = .)
                0x0000000024000230                . = (. + _Min_Heap_Size)
 *fill*         0x0000000024000030      0x200 
                0x0000000024000630                . = (. + _Min_Stack_Size)
 *fill*         0x0000000024000230      0x400 
                0x0000000024000630                . = ALIGN (0x8)

/DISCARD/
 libc.a(*)
 libm.a(*)
 libgcc.a(*)

.ARM.attributes
                0x0000000000000000       0x2e
 *(.ARM.attributes)
 .ARM.attributes
                0x0000000000000000       0x1e c:/program files (x86)/st/stm32cubeide_1.11.0/stm32cubeide/plugins/com.st.stm32cube.ide.mcu.externaltools.gnu-tools-for-stm32.10.3-2021.10.win32_1.0.100.202210260954/tools/bin/../lib/gcc/arm-none-eabi/10.3.1/thumb/v7e-m+dp/hard/crti.o
 .ARM.attributes
                0x000000000000001e       0x32 c:/program files (x86)/st/stm32cubeide_1.11.0/stm32cubeide/plugins/com.st.stm32cube.ide.mcu.externaltools.gnu-tools-for-stm32.10.3-2021.10.win32_1.0.100.202210260954/tools/bin/../lib/gcc/arm-none-eabi/10.3.1/thumb/v7e-m+dp/hard/crtbegin.o
 .ARM.attributes
                0x0000000000000050       0x1c c:/program files (x86)/st/stm32cubeide_1.11.0/stm32cubeide/plugins/com.st.stm32cube.ide.mcu.externaltools.gnu-tools-for-stm32.10.3-2021.10.win32_1.0.100.202210260954/tools/bin/../lib/gcc/arm-none-eabi/10.3.1/../../../../arm-none-eabi/lib/thumb/v7e-m+dp/hard/crt0.o
 .ARM.attributes
                0x000000000000006c       0x23 ./Core/Src/DMA.o
 .ARM.attributes
                0x000000000000008f       0x23 ./Core/Src/GPIO.o
 .ARM.attributes
                0x00000000000000b2       0x23 ./Core/Src/Main.o
 .ARM.attributes
                0x00000000000000d5       0x23 ./Core/Src/SysTick.o
 .ARM.attributes
                0x00000000000000f8       0x23 ./Core/Src/USART.o
 .ARM.attributes
                0x000000000000011b       0x21 ./Core/Startup/startup_stm32h750xbhx.o
 .ARM.attributes
                0x000000000000013c       0x32 c:/program files (x86)/st/stm32cubeide_1.11.0/stm32cubeide/plugins/com.st.stm32cube.ide.mcu.externaltools.gnu-tools-for-stm32.10.3-2021.10.win32_1.0.100.202210260954/tools/bin/../lib/gcc/arm-none-eabi/10.3.1/../../../../arm-none-eabi/lib/thumb/v7e-m+dp/hard\libc_nano.a(lib_a-exit.o)
 .ARM.attributes
                0x000000000000016e       0x32 c:/program files (x86)/st/stm32cubeide_1.11.0/stm32cubeide/plugins/com.st.stm32cube.ide.mcu.externaltools.gnu-tools-for-stm32.10.3-2021.10.win32_1.0.100.202210260954/tools/bin/../lib/gcc/arm-none-eabi/10.3.1/../../../../arm-none-eabi/lib/thumb/v7e-m+dp/hard\libc_nano.a(lib_a-impure.o)
 .ARM.attributes
                0x00000000000001a0       0x32 c:/program files (x86)/st/stm32cubeide_1.11.0/stm32cubeide/plugins/com.st.stm32cube.ide.mcu.externaltools.gnu-tools-for-stm32.10.3-2021.10.win32_1.0.100.202210260954/tools/bin/../lib/gcc/arm-none-eabi/10.3.1/../../../../arm-none-eabi/lib/thumb/v7e-m+dp/hard\libc_nano.a(lib_a-init.o)
 .ARM.attributes
                0x00000000000001d2       0x32 c:/program files (x86)/st/stm32cubeide_1.11.0/stm32cubeide/plugins/com.st.stm32cube.ide.mcu.externaltools.gnu-tools-for-stm32.10.3-2021.10.win32_1.0.100.202210260954/tools/bin/../lib/gcc/arm-none-eabi/10.3.1/../../../../arm-none-eabi/lib/thumb/v7e-m+dp/hard\libc_nano.a(lib_a-memset.o)
 .ARM.attributes
                0x0000000000000204       0x32 c:/program files (x86)/st/stm32cubeide_1.11.0/stm32cubeide/plugins/com.st.stm32cube.ide.mcu.externaltools.gnu-tools-for-stm32.10.3-2021.10.win32_1.0.100.202210260954/tools/bin/../lib/gcc/arm-none-eabi/10.3.1/../../../../arm-none-eabi/lib/thumb/v7e-m+dp/hard\libnosys.a(_exit.o)
 .ARM.attributes
                0x0000000000000236       0x32 c:/program files (x86)/st/stm32cubeide_1.11.0/stm32cubeide/plugins/com.st.stm32cube.ide.mcu.externaltools.gnu-tools-for-stm32.10.3-2021.10.win32_1.0.100.202210260954/tools/bin/../lib/gcc/arm-none-eabi/10.3.1/thumb/v7e-m+dp/hard/crtend.o
 .ARM.attributes
                0x0000000000000268       0x1e c:/program files (x86)/st/stm32cubeide_1.11.0/stm32cubeide/plugins/com.st.stm32cube.ide.mcu.externaltools.gnu-tools-for-stm32.10.3-2021.10.win32_1.0.100.202210260954/tools/bin/../lib/gcc/arm-none-eabi/10.3.1/thumb/v7e-m+dp/hard/crtn.o
OUTPUT(stm32h7-asm.elf elf32-littlearm)
LOAD linker stubs
LOAD c:/program files (x86)/st/stm32cubeide_1.11.0/stm32cubeide/plugins/com.st.stm32cube.ide.mcu.externaltools.gnu-tools-for-stm32.10.3-2021.10.win32_1.0.100.202210260954/tools/bin/../lib/gcc/arm-none-eabi/10.3.1/../../../../arm-none-eabi/lib/thumb/v7e-m+dp/hard\libc.a
LOAD c:/program files (x86)/st/stm32cubeide_1.11.0/stm32cubeide/plugins/com.st.stm32cube.ide.mcu.externaltools.gnu-tools-for-stm32.10.3-2021.10.win32_1.0.100.202210260954/tools/bin/../lib/gcc/arm-none-eabi/10.3.1/../../../../arm-none-eabi/lib/thumb/v7e-m+dp/hard\libm.a
LOAD c:/program files (x86)/st/stm32cubeide_1.11.0/stm32cubeide/plugins/com.st.stm32cube.ide.mcu.externaltools.gnu-tools-for-stm32.10.3-2021.10.win32_1.0.100.202210260954/tools/bin/../lib/gcc/arm-none-eabi/10.3.1/thumb/v7e-m+dp/hard\libgcc.a

.debug_line     0x0000000000000000      0x328
 .debug_line    0x0000000000000000       0xac ./Core/Src/DMA.o
 .debug_line    0x00000000000000ac       0x8c ./Core/Src/GPIO.o
 .debug_line    0x0000000000000138       0x72 ./Core/Src/Main.o
 .debug_line    0x00000000000001aa       0x62 ./Core/Src/SysTick.o
 .debug_line    0x000000000000020c       0x85 ./Core/Src/USART.o
 .debug_line    0x0000000000000291       0x97 ./Core/Startup/startup_stm32h750xbhx.o

.debug_info     0x0000000000000000       0xdc
 .debug_info    0x0000000000000000       0x26 ./Core/Src/DMA.o
 .debug_info    0x0000000000000026       0x26 ./Core/Src/GPIO.o
 .debug_info    0x000000000000004c       0x22 ./Core/Src/Main.o
 .debug_info    0x000000000000006e       0x26 ./Core/Src/SysTick.o
 .debug_info    0x0000000000000094       0x26 ./Core/Src/USART.o
 .debug_info    0x00000000000000ba       0x22 ./Core/Startup/startup_stm32h750xbhx.o

.debug_abbrev   0x0000000000000000       0x74
 .debug_abbrev  0x0000000000000000       0x14 ./Core/Src/DMA.o
 .debug_abbrev  0x0000000000000014       0x14 ./Core/Src/GPIO.o
 .debug_abbrev  0x0000000000000028       0x12 ./Core/Src/Main.o
 .debug_abbrev  0x000000000000003a       0x14 ./Core/Src/SysTick.o
 .debug_abbrev  0x000000000000004e       0x14 ./Core/Src/USART.o
 .debug_abbrev  0x0000000000000062       0x12 ./Core/Startup/startup_stm32h750xbhx.o

.debug_aranges  0x0000000000000000       0xd0
 .debug_aranges
                0x0000000000000000       0x20 ./Core/Src/DMA.o
 .debug_aranges
                0x0000000000000020       0x20 ./Core/Src/GPIO.o
 .debug_aranges
                0x0000000000000040       0x28 ./Core/Src/Main.o
 .debug_aranges
                0x0000000000000068       0x20 ./Core/Src/SysTick.o
 .debug_aranges
                0x0000000000000088       0x20 ./Core/Src/USART.o
 .debug_aranges
                0x00000000000000a8       0x28 ./Core/Startup/startup_stm32h750xbhx.o

.debug_str      0x0000000000000000       0xd7
 .debug_str     0x0000000000000000       0x5f ./Core/Src/DMA.o
 .debug_str     0x000000000000005f       0x13 ./Core/Src/GPIO.o
                                         0x60 (size before relaxing)
 .debug_str     0x0000000000000072       0x13 ./Core/Src/Main.o
                                         0x60 (size before relaxing)
 .debug_str     0x0000000000000085       0x16 ./Core/Src/SysTick.o
                                         0x63 (size before relaxing)
 .debug_str     0x000000000000009b       0x14 ./Core/Src/USART.o
                                         0x61 (size before relaxing)
 .debug_str     0x00000000000000af       0x28 ./Core/Startup/startup_stm32h750xbhx.o
                                         0x75 (size before relaxing)

.debug_ranges   0x0000000000000000       0x40
 .debug_ranges  0x0000000000000000       0x20 ./Core/Src/Main.o
 .debug_ranges  0x0000000000000020       0x20 ./Core/Startup/startup_stm32h750xbhx.o

.debug_frame    0x0000000000000000       0x94
 .debug_frame   0x0000000000000000       0x28 c:/program files (x86)/st/stm32cubeide_1.11.0/stm32cubeide/plugins/com.st.stm32cube.ide.mcu.externaltools.gnu-tools-for-stm32.10.3-2021.10.win32_1.0.100.202210260954/tools/bin/../lib/gcc/arm-none-eabi/10.3.1/../../../../arm-none-eabi/lib/thumb/v7e-m+dp/hard\libc_nano.a(lib_a-exit.o)
 .debug_frame   0x0000000000000028       0x2c c:/program files (x86)/st/stm32cubeide_1.11.0/stm32cubeide/plugins/com.st.stm32cube.ide.mcu.externaltools.gnu-tools-for-stm32.10.3-2021.10.win32_1.0.100.202210260954/tools/bin/../lib/gcc/arm-none-eabi/10.3.1/../../../../arm-none-eabi/lib/thumb/v7e-m+dp/hard\libc_nano.a(lib_a-init.o)
 .debug_frame   0x0000000000000054       0x20 c:/program files (x86)/st/stm32cubeide_1.11.0/stm32cubeide/plugins/com.st.stm32cube.ide.mcu.externaltools.gnu-tools-for-stm32.10.3-2021.10.win32_1.0.100.202210260954/tools/bin/../lib/gcc/arm-none-eabi/10.3.1/../../../../arm-none-eabi/lib/thumb/v7e-m+dp/hard\libc_nano.a(lib_a-memset.o)
 .debug_frame   0x0000000000000074       0x20 c:/program files (x86)/st/stm32cubeide_1.11.0/stm32cubeide/plugins/com.st.stm32cube.ide.mcu.externaltools.gnu-tools-for-stm32.10.3-2021.10.win32_1.0.100.202210260954/tools/bin/../lib/gcc/arm-none-eabi/10.3.1/../../../../arm-none-eabi/lib/thumb/v7e-m+dp/hard\libnosys.a(_exit.o)

Cross Reference Table

Symbol                                            File
ADC3_IRQHandler                                   ./Core/Startup/startup_stm32h750xbhx.o
ADC_IRQHandler                                    ./Core/Startup/startup_stm32h750xbhx.o
BDMA_Channel0_IRQHandler                          ./Core/Startup/startup_stm32h750xbhx.o
BDMA_Channel1_IRQHandler                          ./Core/Startup/startup_stm32h750xbhx.o
BDMA_Channel2_IRQHandler                          ./Core/Startup/startup_stm32h750xbhx.o
BDMA_Channel3_IRQHandler                          ./Core/Startup/startup_stm32h750xbhx.o
BDMA_Channel4_IRQHandler                          ./Core/Startup/startup_stm32h750xbhx.o
BDMA_Channel5_IRQHandler                          ./Core/Startup/startup_stm32h750xbhx.o
BDMA_Channel6_IRQHandler                          ./Core/Startup/startup_stm32h750xbhx.o
BDMA_Channel7_IRQHandler                          ./Core/Startup/startup_stm32h750xbhx.o
BusFault_Handler                                  ./Core/Startup/startup_stm32h750xbhx.o
CEC_IRQHandler                                    ./Core/Startup/startup_stm32h750xbhx.o
COMP1_IRQHandler                                  ./Core/Startup/startup_stm32h750xbhx.o
CRS_IRQHandler                                    ./Core/Startup/startup_stm32h750xbhx.o
CRYP_IRQHandler                                   ./Core/Startup/startup_stm32h750xbhx.o
DCMI_IRQHandler                                   ./Core/Startup/startup_stm32h750xbhx.o
DFSDM1_FLT0_IRQHandler                            ./Core/Startup/startup_stm32h750xbhx.o
DFSDM1_FLT1_IRQHandler                            ./Core/Startup/startup_stm32h750xbhx.o
DFSDM1_FLT2_IRQHandler                            ./Core/Startup/startup_stm32h750xbhx.o
DFSDM1_FLT3_IRQHandler                            ./Core/Startup/startup_stm32h750xbhx.o
DMA1_Stream0_IRQHandler                           ./Core/Startup/startup_stm32h750xbhx.o
DMA1_Stream1_IRQHandler                           ./Core/Startup/startup_stm32h750xbhx.o
DMA1_Stream2_IRQHandler                           ./Core/Startup/startup_stm32h750xbhx.o
DMA1_Stream3_IRQHandler                           ./Core/Startup/startup_stm32h750xbhx.o
DMA1_Stream4_IRQHandler                           ./Core/Startup/startup_stm32h750xbhx.o
DMA1_Stream5_IRQHandler                           ./Core/Startup/startup_stm32h750xbhx.o
DMA1_Stream6_IRQHandler                           ./Core/Startup/startup_stm32h750xbhx.o
DMA1_Stream7_IRQHandler                           ./Core/Startup/startup_stm32h750xbhx.o
DMA2D_IRQHandler                                  ./Core/Startup/startup_stm32h750xbhx.o
DMA2_Stream0_IRQHandler                           ./Core/Startup/startup_stm32h750xbhx.o
DMA2_Stream1_IRQHandler                           ./Core/Startup/startup_stm32h750xbhx.o
DMA2_Stream2_IRQHandler                           ./Core/Startup/startup_stm32h750xbhx.o
DMA2_Stream3_IRQHandler                           ./Core/Startup/startup_stm32h750xbhx.o
DMA2_Stream4_IRQHandler                           ./Core/Startup/startup_stm32h750xbhx.o
DMA2_Stream5_IRQHandler                           ./Core/Startup/startup_stm32h750xbhx.o
DMA2_Stream6_IRQHandler                           ./Core/Startup/startup_stm32h750xbhx.o
DMA2_Stream7_IRQHandler                           ./Core/Startup/startup_stm32h750xbhx.o
DMAMUX1_OVR_IRQHandler                            ./Core/Startup/startup_stm32h750xbhx.o
DMAMUX2_OVR_IRQHandler                            ./Core/Startup/startup_stm32h750xbhx.o
DebugMon_Handler                                  ./Core/Startup/startup_stm32h750xbhx.o
Default_Handler                                   ./Core/Startup/startup_stm32h750xbhx.o
ECC_IRQHandler                                    ./Core/Startup/startup_stm32h750xbhx.o
ETH_IRQHandler                                    ./Core/Startup/startup_stm32h750xbhx.o
ETH_WKUP_IRQHandler                               ./Core/Startup/startup_stm32h750xbhx.o
EXTI0_IRQHandler                                  ./Core/Startup/startup_stm32h750xbhx.o
EXTI15_10_IRQHandler                              ./Core/Startup/startup_stm32h750xbhx.o
EXTI1_IRQHandler                                  ./Core/Startup/startup_stm32h750xbhx.o
EXTI2_IRQHandler                                  ./Core/Startup/startup_stm32h750xbhx.o
EXTI3_IRQHandler                                  ./Core/Startup/startup_stm32h750xbhx.o
EXTI4_IRQHandler                                  ./Core/Startup/startup_stm32h750xbhx.o
EXTI9_5_IRQHandler                                ./Core/Startup/startup_stm32h750xbhx.o
FDCAN1_IT0_IRQHandler                             ./Core/Startup/startup_stm32h750xbhx.o
FDCAN1_IT1_IRQHandler                             ./Core/Startup/startup_stm32h750xbhx.o
FDCAN2_IT0_IRQHandler                             ./Core/Startup/startup_stm32h750xbhx.o
FDCAN2_IT1_IRQHandler                             ./Core/Startup/startup_stm32h750xbhx.o
FDCAN_CAL_IRQHandler                              ./Core/Startup/startup_stm32h750xbhx.o
FLASH_IRQHandler                                  ./Core/Startup/startup_stm32h750xbhx.o
FMC_IRQHandler                                    ./Core/Startup/startup_stm32h750xbhx.o
FPU_IRQHandler                                    ./Core/Startup/startup_stm32h750xbhx.o
HASH_RNG_IRQHandler                               ./Core/Startup/startup_stm32h750xbhx.o
HRTIM1_FLT_IRQHandler                             ./Core/Startup/startup_stm32h750xbhx.o
HRTIM1_Master_IRQHandler                          ./Core/Startup/startup_stm32h750xbhx.o
HRTIM1_TIMA_IRQHandler                            ./Core/Startup/startup_stm32h750xbhx.o
HRTIM1_TIMB_IRQHandler                            ./Core/Startup/startup_stm32h750xbhx.o
HRTIM1_TIMC_IRQHandler                            ./Core/Startup/startup_stm32h750xbhx.o
HRTIM1_TIMD_IRQHandler                            ./Core/Startup/startup_stm32h750xbhx.o
HRTIM1_TIME_IRQHandler                            ./Core/Startup/startup_stm32h750xbhx.o
HSEM1_IRQHandler                                  ./Core/Startup/startup_stm32h750xbhx.o
HardFault_Handler                                 ./Core/Startup/startup_stm32h750xbhx.o
I2C1_ER_IRQHandler                                ./Core/Startup/startup_stm32h750xbhx.o
I2C1_EV_IRQHandler                                ./Core/Startup/startup_stm32h750xbhx.o
I2C2_ER_IRQHandler                                ./Core/Startup/startup_stm32h750xbhx.o
I2C2_EV_IRQHandler                                ./Core/Startup/startup_stm32h750xbhx.o
I2C3_ER_IRQHandler                                ./Core/Startup/startup_stm32h750xbhx.o
I2C3_EV_IRQHandler                                ./Core/Startup/startup_stm32h750xbhx.o
I2C4_ER_IRQHandler                                ./Core/Startup/startup_stm32h750xbhx.o
I2C4_EV_IRQHandler                                ./Core/Startup/startup_stm32h750xbhx.o
JPEG_IRQHandler                                   ./Core/Startup/startup_stm32h750xbhx.o
LPTIM1_IRQHandler                                 ./Core/Startup/startup_stm32h750xbhx.o
LPTIM2_IRQHandler                                 ./Core/Startup/startup_stm32h750xbhx.o
LPTIM3_IRQHandler                                 ./Core/Startup/startup_stm32h750xbhx.o
LPTIM4_IRQHandler                                 ./Core/Startup/startup_stm32h750xbhx.o
LPTIM5_IRQHandler                                 ./Core/Startup/startup_stm32h750xbhx.o
LPUART1_IRQHandler                                ./Core/Startup/startup_stm32h750xbhx.o
LTDC_ER_IRQHandler                                ./Core/Startup/startup_stm32h750xbhx.o
LTDC_IRQHandler                                   ./Core/Startup/startup_stm32h750xbhx.o
MDIOS_IRQHandler                                  ./Core/Startup/startup_stm32h750xbhx.o
MDIOS_WKUP_IRQHandler                             ./Core/Startup/startup_stm32h750xbhx.o
MDMA_IRQHandler                                   ./Core/Startup/startup_stm32h750xbhx.o
MemManage_Handler                                 ./Core/Startup/startup_stm32h750xbhx.o
NMI_Handler                                       ./Core/Startup/startup_stm32h750xbhx.o
OTG_FS_EP1_IN_IRQHandler                          ./Core/Startup/startup_stm32h750xbhx.o
OTG_FS_EP1_OUT_IRQHandler                         ./Core/Startup/startup_stm32h750xbhx.o
OTG_FS_IRQHandler                                 ./Core/Startup/startup_stm32h750xbhx.o
OTG_FS_WKUP_IRQHandler                            ./Core/Startup/startup_stm32h750xbhx.o
OTG_HS_EP1_IN_IRQHandler                          ./Core/Startup/startup_stm32h750xbhx.o
OTG_HS_EP1_OUT_IRQHandler                         ./Core/Startup/startup_stm32h750xbhx.o
OTG_HS_IRQHandler                                 ./Core/Startup/startup_stm32h750xbhx.o
OTG_HS_WKUP_IRQHandler                            ./Core/Startup/startup_stm32h750xbhx.o
PVD_AVD_IRQHandler                                ./Core/Startup/startup_stm32h750xbhx.o
PendSV_Handler                                    ./Core/Startup/startup_stm32h750xbhx.o
QUADSPI_IRQHandler                                ./Core/Startup/startup_stm32h750xbhx.o
RCC_IRQHandler                                    ./Core/Startup/startup_stm32h750xbhx.o
RTC_Alarm_IRQHandler                              ./Core/Startup/startup_stm32h750xbhx.o
RTC_WKUP_IRQHandler                               ./Core/Startup/startup_stm32h750xbhx.o
Reset_Handler                                     ./Core/Startup/startup_stm32h750xbhx.o
SAI1_IRQHandler                                   ./Core/Startup/startup_stm32h750xbhx.o
SAI2_IRQHandler                                   ./Core/Startup/startup_stm32h750xbhx.o
SAI3_IRQHandler                                   ./Core/Startup/startup_stm32h750xbhx.o
SAI4_IRQHandler                                   ./Core/Startup/startup_stm32h750xbhx.o
SDMMC1_IRQHandler                                 ./Core/Startup/startup_stm32h750xbhx.o
SDMMC2_IRQHandler                                 ./Core/Startup/startup_stm32h750xbhx.o
SPDIF_RX_IRQHandler                               ./Core/Startup/startup_stm32h750xbhx.o
SPI1_IRQHandler                                   ./Core/Startup/startup_stm32h750xbhx.o
SPI2_IRQHandler                                   ./Core/Startup/startup_stm32h750xbhx.o
SPI3_IRQHandler                                   ./Core/Startup/startup_stm32h750xbhx.o
SPI4_IRQHandler                                   ./Core/Startup/startup_stm32h750xbhx.o
SPI5_IRQHandler                                   ./Core/Startup/startup_stm32h750xbhx.o
SPI6_IRQHandler                                   ./Core/Startup/startup_stm32h750xbhx.o
SVC_Handler                                       ./Core/Startup/startup_stm32h750xbhx.o
SWPMI1_IRQHandler                                 ./Core/Startup/startup_stm32h750xbhx.o
SysTick_Handler                                   ./Core/Src/Main.o
TAMP_STAMP_IRQHandler                             ./Core/Startup/startup_stm32h750xbhx.o
TIM15_IRQHandler                                  ./Core/Startup/startup_stm32h750xbhx.o
TIM16_IRQHandler                                  ./Core/Startup/startup_stm32h750xbhx.o
TIM17_IRQHandler                                  ./Core/Startup/startup_stm32h750xbhx.o
TIM1_BRK_IRQHandler                               ./Core/Startup/startup_stm32h750xbhx.o
TIM1_CC_IRQHandler                                ./Core/Startup/startup_stm32h750xbhx.o
TIM1_TRG_COM_IRQHandler                           ./Core/Startup/startup_stm32h750xbhx.o
TIM1_UP_IRQHandler                                ./Core/Startup/startup_stm32h750xbhx.o
TIM2_IRQHandler                                   ./Core/Startup/startup_stm32h750xbhx.o
TIM3_IRQHandler                                   ./Core/Startup/startup_stm32h750xbhx.o
TIM4_IRQHandler                                   ./Core/Startup/startup_stm32h750xbhx.o
TIM5_IRQHandler                                   ./Core/Startup/startup_stm32h750xbhx.o
TIM6_DAC_IRQHandler                               ./Core/Startup/startup_stm32h750xbhx.o
TIM7_IRQHandler                                   ./Core/Startup/startup_stm32h750xbhx.o
TIM8_BRK_TIM12_IRQHandler                         ./Core/Startup/startup_stm32h750xbhx.o
TIM8_CC_IRQHandler                                ./Core/Startup/startup_stm32h750xbhx.o
TIM8_TRG_COM_TIM14_IRQHandler                     ./Core/Startup/startup_stm32h750xbhx.o
TIM8_UP_TIM13_IRQHandler                          ./Core/Startup/startup_stm32h750xbhx.o
UART4_IRQHandler                                  ./Core/Startup/startup_stm32h750xbhx.o
UART5_IRQHandler                                  ./Core/Startup/startup_stm32h750xbhx.o
UART7_IRQHandler                                  ./Core/Startup/startup_stm32h750xbhx.o
UART8_IRQHandler                                  ./Core/Startup/startup_stm32h750xbhx.o
USART1_IRQHandler                                 ./Core/Startup/startup_stm32h750xbhx.o
USART2_IRQHandler                                 ./Core/Startup/startup_stm32h750xbhx.o
USART3_IRQHandler                                 ./Core/Startup/startup_stm32h750xbhx.o
USART6_IRQHandler                                 ./Core/Startup/startup_stm32h750xbhx.o
UsageFault_Handler                                ./Core/Startup/startup_stm32h750xbhx.o
WAKEUP_PIN_IRQHandler                             ./Core/Startup/startup_stm32h750xbhx.o
WWDG_IRQHandler                                   ./Core/Startup/startup_stm32h750xbhx.o
__bss_end__                                       c:/program files (x86)/st/stm32cubeide_1.11.0/stm32cubeide/plugins/com.st.stm32cube.ide.mcu.externaltools.gnu-tools-for-stm32.10.3-2021.10.win32_1.0.100.202210260954/tools/bin/../lib/gcc/arm-none-eabi/10.3.1/../../../../arm-none-eabi/lib/thumb/v7e-m+dp/hard/crt0.o
__bss_start__                                     c:/program files (x86)/st/stm32cubeide_1.11.0/stm32cubeide/plugins/com.st.stm32cube.ide.mcu.externaltools.gnu-tools-for-stm32.10.3-2021.10.win32_1.0.100.202210260954/tools/bin/../lib/gcc/arm-none-eabi/10.3.1/../../../../arm-none-eabi/lib/thumb/v7e-m+dp/hard/crt0.o
__call_exitprocs                                  c:/program files (x86)/st/stm32cubeide_1.11.0/stm32cubeide/plugins/com.st.stm32cube.ide.mcu.externaltools.gnu-tools-for-stm32.10.3-2021.10.win32_1.0.100.202210260954/tools/bin/../lib/gcc/arm-none-eabi/10.3.1/../../../../arm-none-eabi/lib/thumb/v7e-m+dp/hard\libc_nano.a(lib_a-exit.o)
__deregister_frame_info                           c:/program files (x86)/st/stm32cubeide_1.11.0/stm32cubeide/plugins/com.st.stm32cube.ide.mcu.externaltools.gnu-tools-for-stm32.10.3-2021.10.win32_1.0.100.202210260954/tools/bin/../lib/gcc/arm-none-eabi/10.3.1/thumb/v7e-m+dp/hard/crtbegin.o
__dso_handle                                      c:/program files (x86)/st/stm32cubeide_1.11.0/stm32cubeide/plugins/com.st.stm32cube.ide.mcu.externaltools.gnu-tools-for-stm32.10.3-2021.10.win32_1.0.100.202210260954/tools/bin/../lib/gcc/arm-none-eabi/10.3.1/thumb/v7e-m+dp/hard/crtbegin.o
__init_array_end                                  c:/program files (x86)/st/stm32cubeide_1.11.0/stm32cubeide/plugins/com.st.stm32cube.ide.mcu.externaltools.gnu-tools-for-stm32.10.3-2021.10.win32_1.0.100.202210260954/tools/bin/../lib/gcc/arm-none-eabi/10.3.1/../../../../arm-none-eabi/lib/thumb/v7e-m+dp/hard\libc_nano.a(lib_a-init.o)
__init_array_start                                c:/program files (x86)/st/stm32cubeide_1.11.0/stm32cubeide/plugins/com.st.stm32cube.ide.mcu.externaltools.gnu-tools-for-stm32.10.3-2021.10.win32_1.0.100.202210260954/tools/bin/../lib/gcc/arm-none-eabi/10.3.1/../../../../arm-none-eabi/lib/thumb/v7e-m+dp/hard\libc_nano.a(lib_a-init.o)
__libc_fini_array                                 c:/program files (x86)/st/stm32cubeide_1.11.0/stm32cubeide/plugins/com.st.stm32cube.ide.mcu.externaltools.gnu-tools-for-stm32.10.3-2021.10.win32_1.0.100.202210260954/tools/bin/../lib/gcc/arm-none-eabi/10.3.1/../../../../arm-none-eabi/lib/thumb/v7e-m+dp/hard/crt0.o
__libc_init_array                                 c:/program files (x86)/st/stm32cubeide_1.11.0/stm32cubeide/plugins/com.st.stm32cube.ide.mcu.externaltools.gnu-tools-for-stm32.10.3-2021.10.win32_1.0.100.202210260954/tools/bin/../lib/gcc/arm-none-eabi/10.3.1/../../../../arm-none-eabi/lib/thumb/v7e-m+dp/hard\libc_nano.a(lib_a-init.o)
                                                  c:/program files (x86)/st/stm32cubeide_1.11.0/stm32cubeide/plugins/com.st.stm32cube.ide.mcu.externaltools.gnu-tools-for-stm32.10.3-2021.10.win32_1.0.100.202210260954/tools/bin/../lib/gcc/arm-none-eabi/10.3.1/../../../../arm-none-eabi/lib/thumb/v7e-m+dp/hard/crt0.o
__preinit_array_end                               c:/program files (x86)/st/stm32cubeide_1.11.0/stm32cubeide/plugins/com.st.stm32cube.ide.mcu.externaltools.gnu-tools-for-stm32.10.3-2021.10.win32_1.0.100.202210260954/tools/bin/../lib/gcc/arm-none-eabi/10.3.1/../../../../arm-none-eabi/lib/thumb/v7e-m+dp/hard\libc_nano.a(lib_a-init.o)
__preinit_array_start                             c:/program files (x86)/st/stm32cubeide_1.11.0/stm32cubeide/plugins/com.st.stm32cube.ide.mcu.externaltools.gnu-tools-for-stm32.10.3-2021.10.win32_1.0.100.202210260954/tools/bin/../lib/gcc/arm-none-eabi/10.3.1/../../../../arm-none-eabi/lib/thumb/v7e-m+dp/hard\libc_nano.a(lib_a-init.o)
__register_frame_info                             c:/program files (x86)/st/stm32cubeide_1.11.0/stm32cubeide/plugins/com.st.stm32cube.ide.mcu.externaltools.gnu-tools-for-stm32.10.3-2021.10.win32_1.0.100.202210260954/tools/bin/../lib/gcc/arm-none-eabi/10.3.1/thumb/v7e-m+dp/hard/crtbegin.o
__sf_fake_stderr                                  c:/program files (x86)/st/stm32cubeide_1.11.0/stm32cubeide/plugins/com.st.stm32cube.ide.mcu.externaltools.gnu-tools-for-stm32.10.3-2021.10.win32_1.0.100.202210260954/tools/bin/../lib/gcc/arm-none-eabi/10.3.1/../../../../arm-none-eabi/lib/thumb/v7e-m+dp/hard\libc_nano.a(lib_a-impure.o)
__sf_fake_stdin                                   c:/program files (x86)/st/stm32cubeide_1.11.0/stm32cubeide/plugins/com.st.stm32cube.ide.mcu.externaltools.gnu-tools-for-stm32.10.3-2021.10.win32_1.0.100.202210260954/tools/bin/../lib/gcc/arm-none-eabi/10.3.1/../../../../arm-none-eabi/lib/thumb/v7e-m+dp/hard\libc_nano.a(lib_a-impure.o)
__sf_fake_stdout                                  c:/program files (x86)/st/stm32cubeide_1.11.0/stm32cubeide/plugins/com.st.stm32cube.ide.mcu.externaltools.gnu-tools-for-stm32.10.3-2021.10.win32_1.0.100.202210260954/tools/bin/../lib/gcc/arm-none-eabi/10.3.1/../../../../arm-none-eabi/lib/thumb/v7e-m+dp/hard\libc_nano.a(lib_a-impure.o)
__stack                                           c:/program files (x86)/st/stm32cubeide_1.11.0/stm32cubeide/plugins/com.st.stm32cube.ide.mcu.externaltools.gnu-tools-for-stm32.10.3-2021.10.win32_1.0.100.202210260954/tools/bin/../lib/gcc/arm-none-eabi/10.3.1/../../../../arm-none-eabi/lib/thumb/v7e-m+dp/hard/crt0.o
_ebss                                             ./Core/Startup/startup_stm32h750xbhx.o
_edata                                            ./Core/Startup/startup_stm32h750xbhx.o
_estack                                           ./Core/Startup/startup_stm32h750xbhx.o
_exit                                             c:/program files (x86)/st/stm32cubeide_1.11.0/stm32cubeide/plugins/com.st.stm32cube.ide.mcu.externaltools.gnu-tools-for-stm32.10.3-2021.10.win32_1.0.100.202210260954/tools/bin/../lib/gcc/arm-none-eabi/10.3.1/../../../../arm-none-eabi/lib/thumb/v7e-m+dp/hard\libnosys.a(_exit.o)
                                                  c:/program files (x86)/st/stm32cubeide_1.11.0/stm32cubeide/plugins/com.st.stm32cube.ide.mcu.externaltools.gnu-tools-for-stm32.10.3-2021.10.win32_1.0.100.202210260954/tools/bin/../lib/gcc/arm-none-eabi/10.3.1/../../../../arm-none-eabi/lib/thumb/v7e-m+dp/hard\libc_nano.a(lib_a-exit.o)
_fini                                             c:/program files (x86)/st/stm32cubeide_1.11.0/stm32cubeide/plugins/com.st.stm32cube.ide.mcu.externaltools.gnu-tools-for-stm32.10.3-2021.10.win32_1.0.100.202210260954/tools/bin/../lib/gcc/arm-none-eabi/10.3.1/thumb/v7e-m+dp/hard/crti.o
_global_impure_ptr                                c:/program files (x86)/st/stm32cubeide_1.11.0/stm32cubeide/plugins/com.st.stm32cube.ide.mcu.externaltools.gnu-tools-for-stm32.10.3-2021.10.win32_1.0.100.202210260954/tools/bin/../lib/gcc/arm-none-eabi/10.3.1/../../../../arm-none-eabi/lib/thumb/v7e-m+dp/hard\libc_nano.a(lib_a-impure.o)
                                                  c:/program files (x86)/st/stm32cubeide_1.11.0/stm32cubeide/plugins/com.st.stm32cube.ide.mcu.externaltools.gnu-tools-for-stm32.10.3-2021.10.win32_1.0.100.202210260954/tools/bin/../lib/gcc/arm-none-eabi/10.3.1/../../../../arm-none-eabi/lib/thumb/v7e-m+dp/hard\libc_nano.a(lib_a-exit.o)
_impure_ptr                                       c:/program files (x86)/st/stm32cubeide_1.11.0/stm32cubeide/plugins/com.st.stm32cube.ide.mcu.externaltools.gnu-tools-for-stm32.10.3-2021.10.win32_1.0.100.202210260954/tools/bin/../lib/gcc/arm-none-eabi/10.3.1/../../../../arm-none-eabi/lib/thumb/v7e-m+dp/hard\libc_nano.a(lib_a-impure.o)
_init                                             c:/program files (x86)/st/stm32cubeide_1.11.0/stm32cubeide/plugins/com.st.stm32cube.ide.mcu.externaltools.gnu-tools-for-stm32.10.3-2021.10.win32_1.0.100.202210260954/tools/bin/../lib/gcc/arm-none-eabi/10.3.1/thumb/v7e-m+dp/hard/crti.o
                                                  c:/program files (x86)/st/stm32cubeide_1.11.0/stm32cubeide/plugins/com.st.stm32cube.ide.mcu.externaltools.gnu-tools-for-stm32.10.3-2021.10.win32_1.0.100.202210260954/tools/bin/../lib/gcc/arm-none-eabi/10.3.1/../../../../arm-none-eabi/lib/thumb/v7e-m+dp/hard\libc_nano.a(lib_a-init.o)
_mainCRTStartup                                   c:/program files (x86)/st/stm32cubeide_1.11.0/stm32cubeide/plugins/com.st.stm32cube.ide.mcu.externaltools.gnu-tools-for-stm32.10.3-2021.10.win32_1.0.100.202210260954/tools/bin/../lib/gcc/arm-none-eabi/10.3.1/../../../../arm-none-eabi/lib/thumb/v7e-m+dp/hard/crt0.o
_sbss                                             ./Core/Startup/startup_stm32h750xbhx.o
_sdata                                            ./Core/Startup/startup_stm32h750xbhx.o
_sidata                                           ./Core/Startup/startup_stm32h750xbhx.o
_stack_init                                       c:/program files (x86)/st/stm32cubeide_1.11.0/stm32cubeide/plugins/com.st.stm32cube.ide.mcu.externaltools.gnu-tools-for-stm32.10.3-2021.10.win32_1.0.100.202210260954/tools/bin/../lib/gcc/arm-none-eabi/10.3.1/../../../../arm-none-eabi/lib/thumb/v7e-m+dp/hard/crt0.o
_start                                            c:/program files (x86)/st/stm32cubeide_1.11.0/stm32cubeide/plugins/com.st.stm32cube.ide.mcu.externaltools.gnu-tools-for-stm32.10.3-2021.10.win32_1.0.100.202210260954/tools/bin/../lib/gcc/arm-none-eabi/10.3.1/../../../../arm-none-eabi/lib/thumb/v7e-m+dp/hard/crt0.o
atexit                                            c:/program files (x86)/st/stm32cubeide_1.11.0/stm32cubeide/plugins/com.st.stm32cube.ide.mcu.externaltools.gnu-tools-for-stm32.10.3-2021.10.win32_1.0.100.202210260954/tools/bin/../lib/gcc/arm-none-eabi/10.3.1/../../../../arm-none-eabi/lib/thumb/v7e-m+dp/hard/crt0.o
delay_tc                                          ./Core/Src/SysTick.o
exit                                              c:/program files (x86)/st/stm32cubeide_1.11.0/stm32cubeide/plugins/com.st.stm32cube.ide.mcu.externaltools.gnu-tools-for-stm32.10.3-2021.10.win32_1.0.100.202210260954/tools/bin/../lib/gcc/arm-none-eabi/10.3.1/../../../../arm-none-eabi/lib/thumb/v7e-m+dp/hard\libc_nano.a(lib_a-exit.o)
                                                  c:/program files (x86)/st/stm32cubeide_1.11.0/stm32cubeide/plugins/com.st.stm32cube.ide.mcu.externaltools.gnu-tools-for-stm32.10.3-2021.10.win32_1.0.100.202210260954/tools/bin/../lib/gcc/arm-none-eabi/10.3.1/../../../../arm-none-eabi/lib/thumb/v7e-m+dp/hard/crt0.o
g_pfnVectors                                      ./Core/Startup/startup_stm32h750xbhx.o
green_led_off                                     ./Core/Src/GPIO.o
green_led_on                                      ./Core/Src/GPIO.o
hardware_init_hook                                c:/program files (x86)/st/stm32cubeide_1.11.0/stm32cubeide/plugins/com.st.stm32cube.ide.mcu.externaltools.gnu-tools-for-stm32.10.3-2021.10.win32_1.0.100.202210260954/tools/bin/../lib/gcc/arm-none-eabi/10.3.1/../../../../arm-none-eabi/lib/thumb/v7e-m+dp/hard/crt0.o
init_button                                       ./Core/Src/GPIO.o
init_dma                                          ./Core/Src/DMA.o
init_green_led                                    ./Core/Src/GPIO.o
init_red_led                                      ./Core/Src/GPIO.o
                                                  ./Core/Src/Main.o
init_tc0                                          ./Core/Src/SysTick.o
init_tc0_ms                                       ./Core/Src/SysTick.o
init_tc0_psp                                      ./Core/Src/SysTick.o
                                                  ./Core/Src/Main.o
init_usart3                                       ./Core/Src/USART.o
main                                              ./Core/Src/Main.o
                                                  ./Core/Startup/startup_stm32h750xbhx.o
                                                  c:/program files (x86)/st/stm32cubeide_1.11.0/stm32cubeide/plugins/com.st.stm32cube.ide.mcu.externaltools.gnu-tools-for-stm32.10.3-2021.10.win32_1.0.100.202210260954/tools/bin/../lib/gcc/arm-none-eabi/10.3.1/../../../../arm-none-eabi/lib/thumb/v7e-m+dp/hard/crt0.o
memset                                            c:/program files (x86)/st/stm32cubeide_1.11.0/stm32cubeide/plugins/com.st.stm32cube.ide.mcu.externaltools.gnu-tools-for-stm32.10.3-2021.10.win32_1.0.100.202210260954/tools/bin/../lib/gcc/arm-none-eabi/10.3.1/../../../../arm-none-eabi/lib/thumb/v7e-m+dp/hard\libc_nano.a(lib_a-memset.o)
                                                  c:/program files (x86)/st/stm32cubeide_1.11.0/stm32cubeide/plugins/com.st.stm32cube.ide.mcu.externaltools.gnu-tools-for-stm32.10.3-2021.10.win32_1.0.100.202210260954/tools/bin/../lib/gcc/arm-none-eabi/10.3.1/../../../../arm-none-eabi/lib/thumb/v7e-m+dp/hard/crt0.o
rcv_dma                                           ./Core/Src/DMA.o
receive_char_usart3                               ./Core/Src/USART.o
receive_string_usart3                             ./Core/Src/USART.o
red_led_off                                       ./Core/Src/GPIO.o
                                                  ./Core/Src/Main.o
red_led_on                                        ./Core/Src/GPIO.o
                                                  ./Core/Src/Main.o
send_char_usart3                                  ./Core/Src/USART.o
send_string_usart3                                ./Core/Src/USART.o
snd_dma                                           ./Core/Src/DMA.o
software_init_hook                                c:/program files (x86)/st/stm32cubeide_1.11.0/stm32cubeide/plugins/com.st.stm32cube.ide.mcu.externaltools.gnu-tools-for-stm32.10.3-2021.10.win32_1.0.100.202210260954/tools/bin/../lib/gcc/arm-none-eabi/10.3.1/../../../../arm-none-eabi/lib/thumb/v7e-m+dp/hard/crt0.o
wait_button                                       ./Core/Src/GPIO.o
